*** EVALUATION ***
PROGRAM "C:\Users\fede3\Desktop\Repos\Grad\ECE362\jurassic_code\bin\Project.abs"

*********************************************************************************************
TARGET SECTION
---------------------------------------------------------------------------------------------
Processor   : Freescale HC12
Memory Model: SMALL
File Format : ELF\DWARF 2.0
Linker      : SmartLinker V-5.0.52 Build 15249, Sep  7 2015

*********************************************************************************************
FILE SECTION
---------------------------------------------------------------------------------------------
main.asm.o                              Model: SMALL,         Lang: Assembler,     Compiler Version: Assembler for HC12 V-5.0.32 Build 15249, Sep  7 2015
lcddisp.c.o                             Model: SMALL,         Lang: ANSI-C,        Compiler Version: ANSI-C/cC++ Compiler for HC12 V-5.0.46 Build 15249, Sep  7 2015
mc9s12e128.c.o                          Model: SMALL,         Lang: ANSI-C,        Compiler Version: ANSI-C/cC++ Compiler for HC12 V-5.0.46 Build 15249, Sep  7 2015
potentiometer.c.o                       Model: SMALL,         Lang: ANSI-C,        Compiler Version: ANSI-C/cC++ Compiler for HC12 V-5.0.46 Build 15249, Sep  7 2015
interrupt.asm.o                         Model: SMALL,         Lang: Assembler,     Compiler Version: Assembler for HC12 V-5.0.32 Build 15249, Sep  7 2015
updateLCD.asm.o                         Model: SMALL,         Lang: Assembler,     Compiler Version: Assembler for HC12 V-5.0.32 Build 15249, Sep  7 2015
defaults.asm.o                          Model: SMALL,         Lang: Assembler,     Compiler Version: Assembler for HC12 V-5.0.32 Build 15249, Sep  7 2015

*********************************************************************************************
STARTUP SECTION
---------------------------------------------------------------------------------------------
Entry point: 0xC000 (Entry)

*********************************************************************************************
SECTION-ALLOCATION SECTION
Section Name                    Size  Type     From       To       Segment
---------------------------------------------------------------------------------------------
.init                            136     R     0xC000     0xC087   ROM_C000
NON_BANKED                       267     R     0xC088     0xC192   ROM_C000
.stack                           256   R/W      0x400      0x4FF   RAM
main.asm__ORG00001               164     R      0x800      0x8A3   .absSeg0
.abs_section_8                     1   N/I        0x8        0x8   .absSeg1
.abs_section_9                     1   N/I        0x9        0x9   .absSeg2
.abs_section_a                     1   N/I        0xA        0xA   .absSeg3
.abs_section_b                     1   N/I        0xB        0xB   .absSeg4
.abs_section_c                     1   N/I        0xC        0xC   .absSeg5
.abs_section_d                     1   N/I        0xD        0xD   .absSeg6
.abs_section_e                     1   N/I        0xE        0xE   .absSeg7
.abs_section_10                    1   N/I       0x10       0x10   .absSeg8
.abs_section_11                    1   N/I       0x11       0x11   .absSeg9
.abs_section_13                    1   N/I       0x13       0x13   .absSeg10
.abs_section_15                    1   N/I       0x15       0x15   .absSeg11
.abs_section_16                    1   N/I       0x16       0x16   .absSeg12
.abs_section_19                    1   N/I       0x19       0x19   .absSeg13
.abs_section_1c                    1   N/I       0x1C       0x1C   .absSeg14
.abs_section_1d                    1   N/I       0x1D       0x1D   .absSeg15
.abs_section_1e                    1   N/I       0x1E       0x1E   .absSeg16
.abs_section_1f                    1   N/I       0x1F       0x1F   .absSeg17
.abs_section_20                    1   N/I       0x20       0x20   .absSeg18
.abs_section_21                    1   N/I       0x21       0x21   .absSeg19
.abs_section_24                    1   N/I       0x24       0x24   .absSeg20
.abs_section_25                    1   N/I       0x25       0x25   .absSeg21
.abs_section_28                    1   N/I       0x28       0x28   .absSeg22
.abs_section_29                    1   N/I       0x29       0x29   .absSeg23
.abs_section_2a                    1   N/I       0x2A       0x2A   .absSeg24
.abs_section_2d                    1   N/I       0x2D       0x2D   .absSeg25
.abs_section_30                    1   N/I       0x30       0x30   .absSeg26
.abs_section_32                    1   N/I       0x32       0x32   .absSeg27
.abs_section_33                    1   N/I       0x33       0x33   .absSeg28
.abs_section_34                    1   N/I       0x34       0x34   .absSeg29
.abs_section_35                    1   N/I       0x35       0x35   .absSeg30
.abs_section_37                    1   N/I       0x37       0x37   .absSeg31
.abs_section_38                    1   N/I       0x38       0x38   .absSeg32
.abs_section_39                    1   N/I       0x39       0x39   .absSeg33
.abs_section_3a                    1   N/I       0x3A       0x3A   .absSeg34
.abs_section_3b                    1   N/I       0x3B       0x3B   .absSeg35
.abs_section_3c                    1   N/I       0x3C       0x3C   .absSeg36
.abs_section_3f                    1   N/I       0x3F       0x3F   .absSeg37
.abs_section_40                    1   N/I       0x40       0x40   .absSeg38
.abs_section_41                    1   N/I       0x41       0x41   .absSeg39
.abs_section_42                    1   N/I       0x42       0x42   .absSeg40
.abs_section_43                    1   N/I       0x43       0x43   .absSeg41
.abs_section_46                    1   N/I       0x46       0x46   .absSeg42
.abs_section_47                    1   N/I       0x47       0x47   .absSeg43
.abs_section_48                    1   N/I       0x48       0x48   .absSeg44
.abs_section_4a                    1   N/I       0x4A       0x4A   .absSeg45
.abs_section_4c                    1   N/I       0x4C       0x4C   .absSeg46
.abs_section_4d                    1   N/I       0x4D       0x4D   .absSeg47
.abs_section_4e                    1   N/I       0x4E       0x4E   .absSeg48
.abs_section_4f                    1   N/I       0x4F       0x4F   .absSeg49
.abs_section_60                    1   N/I       0x60       0x60   .absSeg50
.abs_section_61                    1   N/I       0x61       0x61   .absSeg51
.abs_section_86                    1   N/I       0x86       0x86   .absSeg52
.abs_section_89                    1   N/I       0x89       0x89   .absSeg53
.abs_section_8a                    1   N/I       0x8A       0x8A   .absSeg54
.abs_section_8b                    1   N/I       0x8B       0x8B   .absSeg55
.abs_section_8e                    1   N/I       0x8E       0x8E   .absSeg56
.abs_section_8f                    1   N/I       0x8F       0x8F   .absSeg57
.abs_section_ca                    1   N/I       0xCA       0xCA   .absSeg58
.abs_section_cb                    1   N/I       0xCB       0xCB   .absSeg59
.abs_section_cc                    1   N/I       0xCC       0xCC   .absSeg60
.abs_section_cd                    1   N/I       0xCD       0xCD   .absSeg61
.abs_section_ce                    1   N/I       0xCE       0xCE   .absSeg62
.abs_section_cf                    1   N/I       0xCF       0xCF   .absSeg63
.abs_section_d2                    1   N/I       0xD2       0xD2   .absSeg64
.abs_section_d3                    1   N/I       0xD3       0xD3   .absSeg65
.abs_section_d4                    1   N/I       0xD4       0xD4   .absSeg66
.abs_section_d5                    1   N/I       0xD5       0xD5   .absSeg67
.abs_section_d6                    1   N/I       0xD6       0xD6   .absSeg68
.abs_section_d7                    1   N/I       0xD7       0xD7   .absSeg69
.abs_section_d8                    1   N/I       0xD8       0xD8   .absSeg70
.abs_section_d9                    1   N/I       0xD9       0xD9   .absSeg71
.abs_section_da                    1   N/I       0xDA       0xDA   .absSeg72
.abs_section_db                    1   N/I       0xDB       0xDB   .absSeg73
.abs_section_dd                    1   N/I       0xDD       0xDD   .absSeg74
.abs_section_e0                    1   N/I       0xE0       0xE0   .absSeg75
.abs_section_e1                    1   N/I       0xE1       0xE1   .absSeg76
.abs_section_e2                    1   N/I       0xE2       0xE2   .absSeg77
.abs_section_e3                    1   N/I       0xE3       0xE3   .absSeg78
.abs_section_e4                    1   N/I       0xE4       0xE4   .absSeg79
.abs_section_ea                    1   N/I       0xEA       0xEA   .absSeg80
.abs_section_eb                    1   N/I       0xEB       0xEB   .absSeg81
.abs_section_ec                    1   N/I       0xEC       0xEC   .absSeg82
.abs_section_ed                    1   N/I       0xED       0xED   .absSeg83
.abs_section_ee                    1   N/I       0xEE       0xEE   .absSeg84
.abs_section_ef                    1   N/I       0xEF       0xEF   .absSeg85
.abs_section_f0                    1   N/I       0xF0       0xF0   .absSeg86
.abs_section_f2                    1   N/I       0xF2       0xF2   .absSeg87
.abs_section_f3                    1   N/I       0xF3       0xF3   .absSeg88
.abs_section_f4                    1   N/I       0xF4       0xF4   .absSeg89
.abs_section_f6                    1   N/I       0xF6       0xF6   .absSeg90
.abs_section_f7                    1   N/I       0xF7       0xF7   .absSeg91
.abs_section_100                   1   N/I      0x100      0x100   .absSeg92
.abs_section_101                   1   N/I      0x101      0x101   .absSeg93
.abs_section_103                   1   N/I      0x103      0x103   .absSeg94
.abs_section_104                   1   N/I      0x104      0x104   .absSeg95
.abs_section_105                   1   N/I      0x105      0x105   .absSeg96
.abs_section_106                   1   N/I      0x106      0x106   .absSeg97
.abs_section_140                   1   N/I      0x140      0x140   .absSeg98
.abs_section_141                   1   N/I      0x141      0x141   .absSeg99
.abs_section_142                   1   N/I      0x142      0x142   .absSeg100
.abs_section_143                   1   N/I      0x143      0x143   .absSeg101
.abs_section_146                   1   N/I      0x146      0x146   .absSeg102
.abs_section_147                   1   N/I      0x147      0x147   .absSeg103
.abs_section_148                   1   N/I      0x148      0x148   .absSeg104
.abs_section_14a                   1   N/I      0x14A      0x14A   .absSeg105
.abs_section_14c                   1   N/I      0x14C      0x14C   .absSeg106
.abs_section_14d                   1   N/I      0x14D      0x14D   .absSeg107
.abs_section_14e                   1   N/I      0x14E      0x14E   .absSeg108
.abs_section_14f                   1   N/I      0x14F      0x14F   .absSeg109
.abs_section_160                   1   N/I      0x160      0x160   .absSeg110
.abs_section_161                   1   N/I      0x161      0x161   .absSeg111
.abs_section_180                   1   N/I      0x180      0x180   .absSeg112
.abs_section_181                   1   N/I      0x181      0x181   .absSeg113
.abs_section_182                   1   N/I      0x182      0x182   .absSeg114
.abs_section_183                   1   N/I      0x183      0x183   .absSeg115
.abs_section_186                   1   N/I      0x186      0x186   .absSeg116
.abs_section_187                   1   N/I      0x187      0x187   .absSeg117
.abs_section_188                   1   N/I      0x188      0x188   .absSeg118
.abs_section_18a                   1   N/I      0x18A      0x18A   .absSeg119
.abs_section_18c                   1   N/I      0x18C      0x18C   .absSeg120
.abs_section_18d                   1   N/I      0x18D      0x18D   .absSeg121
.abs_section_18e                   1   N/I      0x18E      0x18E   .absSeg122
.abs_section_18f                   1   N/I      0x18F      0x18F   .absSeg123
.abs_section_1a0                   1   N/I      0x1A0      0x1A0   .absSeg124
.abs_section_1a1                   1   N/I      0x1A1      0x1A1   .absSeg125
.abs_section_1e0                   1   N/I      0x1E0      0x1E0   .absSeg126
.abs_section_1e1                   1   N/I      0x1E1      0x1E1   .absSeg127
.abs_section_1e2                   1   N/I      0x1E2      0x1E2   .absSeg128
.abs_section_1e3                   1   N/I      0x1E3      0x1E3   .absSeg129
.abs_section_1e4                   1   N/I      0x1E4      0x1E4   .absSeg130
.abs_section_1e5                   1   N/I      0x1E5      0x1E5   .absSeg131
.abs_section_1e8                   1   N/I      0x1E8      0x1E8   .absSeg132
.abs_section_1e9                   1   N/I      0x1E9      0x1E9   .absSeg133
.abs_section_1fe                   1   N/I      0x1FE      0x1FE   .absSeg134
.abs_section_200                   1   N/I      0x200      0x200   .absSeg135
.abs_section_201                   1   N/I      0x201      0x201   .absSeg136
.abs_section_202                   1   N/I      0x202      0x202   .absSeg137
.abs_section_203                   1   N/I      0x203      0x203   .absSeg138
.abs_section_204                   1   N/I      0x204      0x204   .absSeg139
.abs_section_205                   1   N/I      0x205      0x205   .absSeg140
.abs_section_206                   1   N/I      0x206      0x206   .absSeg141
.abs_section_207                   1   N/I      0x207      0x207   .absSeg142
.abs_section_208                   1   N/I      0x208      0x208   .absSeg143
.abs_section_209                   1   N/I      0x209      0x209   .absSeg144
.abs_section_20a                   1   N/I      0x20A      0x20A   .absSeg145
.abs_section_20c                   1   N/I      0x20C      0x20C   .absSeg146
.abs_section_20d                   1   N/I      0x20D      0x20D   .absSeg147
.abs_section_20e                   1   N/I      0x20E      0x20E   .absSeg148
.abs_section_20f                   1   N/I      0x20F      0x20F   .absSeg149
.abs_section_220                   1   N/I      0x220      0x220   .absSeg150
.abs_section_221                   1   N/I      0x221      0x221   .absSeg151
.abs_section_228                   1   N/I      0x228      0x228   .absSeg152
.abs_section_229                   1   N/I      0x229      0x229   .absSeg153
.abs_section_230                   1   N/I      0x230      0x230   .absSeg154
.abs_section_231                   1   N/I      0x231      0x231   .absSeg155
.abs_section_240                   1   N/I      0x240      0x240   .absSeg156
.abs_section_241                   1   N/I      0x241      0x241   .absSeg157
.abs_section_242                   1   N/I      0x242      0x242   .absSeg158
.abs_section_243                   1   N/I      0x243      0x243   .absSeg159
.abs_section_244                   1   N/I      0x244      0x244   .absSeg160
.abs_section_245                   1   N/I      0x245      0x245   .absSeg161
.abs_section_248                   1   N/I      0x248      0x248   .absSeg162
.abs_section_249                   1   N/I      0x249      0x249   .absSeg163
.abs_section_24a                   1   N/I      0x24A      0x24A   .absSeg164
.abs_section_24b                   1   N/I      0x24B      0x24B   .absSeg165
.abs_section_24c                   1   N/I      0x24C      0x24C   .absSeg166
.abs_section_24d                   1   N/I      0x24D      0x24D   .absSeg167
.abs_section_24e                   1   N/I      0x24E      0x24E   .absSeg168
.abs_section_250                   1   N/I      0x250      0x250   .absSeg169
.abs_section_251                   1   N/I      0x251      0x251   .absSeg170
.abs_section_252                   1   N/I      0x252      0x252   .absSeg171
.abs_section_253                   1   N/I      0x253      0x253   .absSeg172
.abs_section_254                   1   N/I      0x254      0x254   .absSeg173
.abs_section_255                   1   N/I      0x255      0x255   .absSeg174
.abs_section_256                   1   N/I      0x256      0x256   .absSeg175
.abs_section_258                   1   N/I      0x258      0x258   .absSeg176
.abs_section_259                   1   N/I      0x259      0x259   .absSeg177
.abs_section_25a                   1   N/I      0x25A      0x25A   .absSeg178
.abs_section_25b                   1   N/I      0x25B      0x25B   .absSeg179
.abs_section_25c                   1   N/I      0x25C      0x25C   .absSeg180
.abs_section_25d                   1   N/I      0x25D      0x25D   .absSeg181
.abs_section_260                   1   N/I      0x260      0x260   .absSeg182
.abs_section_261                   1   N/I      0x261      0x261   .absSeg183
.abs_section_262                   1   N/I      0x262      0x262   .absSeg184
.abs_section_263                   1   N/I      0x263      0x263   .absSeg185
.abs_section_264                   1   N/I      0x264      0x264   .absSeg186
.abs_section_265                   1   N/I      0x265      0x265   .absSeg187
.abs_section_268                   1   N/I      0x268      0x268   .absSeg188
.abs_section_269                   1   N/I      0x269      0x269   .absSeg189
.abs_section_26a                   1   N/I      0x26A      0x26A   .absSeg190
.abs_section_26b                   1   N/I      0x26B      0x26B   .absSeg191
.abs_section_26c                   1   N/I      0x26C      0x26C   .absSeg192
.abs_section_26d                   1   N/I      0x26D      0x26D   .absSeg193
.abs_section_26e                   1   N/I      0x26E      0x26E   .absSeg194
.abs_section_0                     2   N/I        0x0        0x1   .absSeg195
.abs_section_2                     2   N/I        0x2        0x3   .absSeg196
.abs_section_1a                    2   N/I       0x1A       0x1B   .absSeg197
.abs_section_22                    2   N/I       0x22       0x23   .absSeg198
.abs_section_26                    2   N/I       0x26       0x27   .absSeg199
.abs_section_2b                    2   N/I       0x2B       0x2C   .absSeg200
.abs_section_2e                    2   N/I       0x2E       0x2F   .absSeg201
.abs_section_44                    2   N/I       0x44       0x45   .absSeg202
.abs_section_58                    2   N/I       0x58       0x59   .absSeg203
.abs_section_5a                    2   N/I       0x5A       0x5B   .absSeg204
.abs_section_5c                    2   N/I       0x5C       0x5D   .absSeg205
.abs_section_5e                    2   N/I       0x5E       0x5F   .absSeg206
.abs_section_62                    2   N/I       0x62       0x63   .absSeg207
.abs_section_82                    2   N/I       0x82       0x83   .absSeg208
.abs_section_84                    2   N/I       0x84       0x85   .absSeg209
.abs_section_8c                    2   N/I       0x8C       0x8D   .absSeg210
.abs_section_90                    2   N/I       0x90       0x91   .absSeg211
.abs_section_92                    2   N/I       0x92       0x93   .absSeg212
.abs_section_94                    2   N/I       0x94       0x95   .absSeg213
.abs_section_96                    2   N/I       0x96       0x97   .absSeg214
.abs_section_98                    2   N/I       0x98       0x99   .absSeg215
.abs_section_9a                    2   N/I       0x9A       0x9B   .absSeg216
.abs_section_9c                    2   N/I       0x9C       0x9D   .absSeg217
.abs_section_9e                    2   N/I       0x9E       0x9F   .absSeg218
.abs_section_a0                    2   N/I       0xA0       0xA1   .absSeg219
.abs_section_a2                    2   N/I       0xA2       0xA3   .absSeg220
.abs_section_a4                    2   N/I       0xA4       0xA5   .absSeg221
.abs_section_a6                    2   N/I       0xA6       0xA7   .absSeg222
.abs_section_a8                    2   N/I       0xA8       0xA9   .absSeg223
.abs_section_aa                    2   N/I       0xAA       0xAB   .absSeg224
.abs_section_ac                    2   N/I       0xAC       0xAD   .absSeg225
.abs_section_ae                    2   N/I       0xAE       0xAF   .absSeg226
.abs_section_c8                    2   N/I       0xC8       0xC9   .absSeg227
.abs_section_d0                    2   N/I       0xD0       0xD1   .absSeg228
.abs_section_e8                    2   N/I       0xE8       0xE9   .absSeg229
.abs_section_144                   2   N/I      0x144      0x145   .absSeg230
.abs_section_158                   2   N/I      0x158      0x159   .absSeg231
.abs_section_15a                   2   N/I      0x15A      0x15B   .absSeg232
.abs_section_15c                   2   N/I      0x15C      0x15D   .absSeg233
.abs_section_15e                   2   N/I      0x15E      0x15F   .absSeg234
.abs_section_162                   2   N/I      0x162      0x163   .absSeg235
.abs_section_184                   2   N/I      0x184      0x185   .absSeg236
.abs_section_198                   2   N/I      0x198      0x199   .absSeg237
.abs_section_19a                   2   N/I      0x19A      0x19B   .absSeg238
.abs_section_19c                   2   N/I      0x19C      0x19D   .absSeg239
.abs_section_19e                   2   N/I      0x19E      0x19F   .absSeg240
.abs_section_1a2                   2   N/I      0x1A2      0x1A3   .absSeg241
.abs_section_1ec                   2   N/I      0x1EC      0x1ED   .absSeg242
.abs_section_1ee                   2   N/I      0x1EE      0x1EF   .absSeg243
.abs_section_1f0                   2   N/I      0x1F0      0x1F1   .absSeg244
.abs_section_1f2                   2   N/I      0x1F2      0x1F3   .absSeg245
.abs_section_1f4                   2   N/I      0x1F4      0x1F5   .absSeg246
.abs_section_1f6                   2   N/I      0x1F6      0x1F7   .absSeg247
.abs_section_1f8                   2   N/I      0x1F8      0x1F9   .absSeg248
.abs_section_1fa                   2   N/I      0x1FA      0x1FB   .absSeg249
.abs_section_1fc                   2   N/I      0x1FC      0x1FD   .absSeg250
.abs_section_210                   2   N/I      0x210      0x211   .absSeg251
.abs_section_212                   2   N/I      0x212      0x213   .absSeg252
.abs_section_214                   2   N/I      0x214      0x215   .absSeg253
.abs_section_216                   2   N/I      0x216      0x217   .absSeg254
.abs_section_218                   2   N/I      0x218      0x219   .absSeg255
.abs_section_21a                   2   N/I      0x21A      0x21B   .absSeg256
.abs_section_222                   2   N/I      0x222      0x223   .absSeg257
.abs_section_224                   2   N/I      0x224      0x225   .absSeg258
.abs_section_226                   2   N/I      0x226      0x227   .absSeg259
.abs_section_22a                   2   N/I      0x22A      0x22B   .absSeg260
.abs_section_22c                   2   N/I      0x22C      0x22D   .absSeg261
.abs_section_22e                   2   N/I      0x22E      0x22F   .absSeg262
.abs_section_232                   2   N/I      0x232      0x233   .absSeg263
.abs_section_234                   2   N/I      0x234      0x235   .absSeg264
.abs_section_236                   2   N/I      0x236      0x237   .absSeg265
.abs_section_270                   2   N/I      0x270      0x271   .absSeg266
.abs_section_272                   2   N/I      0x272      0x273   .absSeg267
.abs_section_274                   2   N/I      0x274      0x275   .absSeg268
.abs_section_276                   2   N/I      0x276      0x277   .absSeg269
.abs_section_278                   2   N/I      0x278      0x279   .absSeg270
.abs_section_27a                   2   N/I      0x27A      0x27B   .absSeg271
.abs_section_27c                   2   N/I      0x27C      0x27D   .absSeg272
.abs_section_27e                   2   N/I      0x27E      0x27F   .absSeg273
.bss                               2   R/W      0x500      0x501   RAM
.common                            2   R/W      0x502      0x503   RAM
interrupt.asm._SEC000000         367     R     0xC193     0xC301   ROM_C000
updateLCD.asm._SEC000000        2120     R     0xC302     0xCB49   ROM_C000
defaults.asm._SEC000000          426     R     0xCB4A     0xCCF3   ROM_C000
.vectSeg274_vect                   4     R     0xFFF0     0xFFF3   .vectSeg274
.vectSeg275_vect                   2     R     0xFFFE     0xFFFF   .vectSeg275

Summary of section sizes per section type:
READ_ONLY (R):         D9E (dec:     3486)
READ_WRITE (R/W):      104 (dec:      260)
NO_INIT (N/I):         160 (dec:      352)

*********************************************************************************************
VECTOR-ALLOCATION SECTION
    Address     InitValue   InitFunction
---------------------------------------------------------------------------------------------
     0xFFF0        0xC193   RTI_ISR
     0xFFF2        0xC1E8   IRQ_ISR
     0xFFFE        0xC000   Entry

*********************************************************************************************
OBJECT-ALLOCATION SECTION
     Name               Module                 Addr   hSize   dSize     Ref    Section   RLIB
---------------------------------------------------------------------------------------------
MODULE:                 -- main.asm.o --
- PROCEDURES:
     Entry                                     C000      85     133       0   .init       
     Loop                                      C085       3       3       0   .init       
- VARIABLES:
     RTI_Cnter                                  800       2       2       5   .text       
     STEP_TAB                                   802       4       4       1   .text       
     Step_Idx                                   806       1       1       4   .text       
     Stepper_ON                                 807       1       1       4   .text       
     KEY_TAB                                    808      10      16       1   .text       
     Scan_KeyRow                                818       4       4       1   .text       
     Scan_Count                                 81C       2       2       4   .text       
     key_press                                  81E       1       1       0   .text       
     key_val                                    81F       1       1       5   .text       
     disp                                       820      21      33     414   .text       
     old_pot                                    841       1       1       2   .text       
     pot_shift                                  842       1       1       3   .text       
     DC_cnter                                   843       1       1       6   .text       
     t_on                                       844       1       1       3   .text       
     user_sel                                   845       1       1       0   .text       
     usr_menu_shift                             846       1       1       0   .text       
     usr_menu_max                               847       1       1       0   .text       
     usr_sel_acc                                848       1       1       0   .text       
     usr_max                                    849       1       1       0   .text       
     usr_char                                   84A       1       1       0   .text       
     usr_empty                                  84B       1       1       5   .text       
     usr_temp                                   84C       1       1       1   .text       
     usr_new_id                                 84D       2       2       0   .text       
     pass_char                                  84F       1       1       0   .text       
     pass_temp                                  850       1       1       1   .text       
     key_twice                                  851       1       1       0   .text       
     usr_0                                      852      10      16       1   .text       
     usr_1                                      862      10      16       1   .text       
     usr_2                                      872      10      16       1   .text       
     usr_3                                      882      10      16       1   .text       
     usr_4                                      892      10      16       1   .text       
     JEEP_MODE                                  8A2       1       1       1   .text       
     FAST_SET                                   8A3       1       1       9   .text       
- LABELS:
     __SEG_END_SSTACK                           500       0       0       1               
     port_t                                     240       0       0       2   .text       
     port_p                                     258       0       0       1   .text       
     port_u                                     268       0       0       3   .text       
MODULE:                 -- lcddisp.c.o --
- PROCEDURES:
     delay_ms                                  C088      17      23       5   NON_BANKED  
     init_LCD                                  C09F      52      82       1   NON_BANKED  
     display_string                            C0F1      38      56      22   NON_BANKED  
     Delay                                     C129      1F      31       1   NON_BANKED  
     epulse                                    C148      24      36       3   NON_BANKED  
     sendCommand                               C16C       F      15       7   NON_BANKED  
- VARIABLES:
     data                                       500       2       2       4   .bss        
MODULE:                 -- mc9s12e128.c.o --
- PROCEDURES:
- VARIABLES:
     _PORTE                                       8       1       1       0   .abs_section_8
     _DDRE                                        9       1       1       0   .abs_section_9
     _PEAR                                        A       1       1       0   .abs_section_a
     _MODE                                        B       1       1       0   .abs_section_b
     _PUCR                                        C       1       1       0   .abs_section_c
     _RDRIV                                       D       1       1       0   .abs_section_d
     _EBICTL                                      E       1       1       0   .abs_section_e
     _INITRM                                     10       1       1       0   .abs_section_10
     _INITRG                                     11       1       1       0   .abs_section_11
     _MISC                                       13       1       1       0   .abs_section_13
     _ITCR                                       15       1       1       0   .abs_section_15
     _ITEST                                      16       1       1       0   .abs_section_16
     _VREGCTRL                                   19       1       1       0   .abs_section_19
     _MEMSIZ0                                    1C       1       1       0   .abs_section_1c
     _MEMSIZ1                                    1D       1       1       0   .abs_section_1d
     _INTCR                                      1E       1       1       0   .abs_section_1e
     _HPRIO                                      1F       1       1       0   .abs_section_1f
     _DBGC1                                      20       1       1       0   .abs_section_20
     _DBGSC                                      21       1       1       0   .abs_section_21
     _DBGCNT                                     24       1       1       0   .abs_section_24
     _DBGCCX                                     25       1       1       0   .abs_section_25
     _DBGC2                                      28       1       1       0   .abs_section_28
     _DBGC3                                      29       1       1       0   .abs_section_29
     _DBGCAX                                     2A       1       1       0   .abs_section_2a
     _DBGCBX                                     2D       1       1       0   .abs_section_2d
     _PPAGE                                      30       1       1       0   .abs_section_30
     _PORTK                                      32       1       1       0   .abs_section_32
     _DDRK                                       33       1       1       0   .abs_section_33
     _SYNR                                       34       1       1       0   .abs_section_34
     _REFDV                                      35       1       1       0   .abs_section_35
     _CRGFLG                                     37       1       1       0   .abs_section_37
     _CRGINT                                     38       1       1       0   .abs_section_38
     _CLKSEL                                     39       1       1       0   .abs_section_39
     _PLLCTL                                     3A       1       1       0   .abs_section_3a
     _RTICTL                                     3B       1       1       0   .abs_section_3b
     _COPCTL                                     3C       1       1       0   .abs_section_3c
     _ARMCOP                                     3F       1       1       0   .abs_section_3f
     _TIM0_TIOS                                  40       1       1       0   .abs_section_40
     _TIM0_CFORC                                 41       1       1       0   .abs_section_41
     _TIM0_OC7M                                  42       1       1       0   .abs_section_42
     _TIM0_OC7D                                  43       1       1       0   .abs_section_43
     _TIM0_TSCR1                                 46       1       1       0   .abs_section_46
     _TIM0_TTOV                                  47       1       1       0   .abs_section_47
     _TIM0_TCTL1                                 48       1       1       0   .abs_section_48
     _TIM0_TCTL3                                 4A       1       1       0   .abs_section_4a
     _TIM0_TIE                                   4C       1       1       0   .abs_section_4c
     _TIM0_TSCR2                                 4D       1       1       0   .abs_section_4d
     _TIM0_TFLG1                                 4E       1       1       0   .abs_section_4e
     _TIM0_TFLG2                                 4F       1       1       0   .abs_section_4f
     _TIM0_PACTL                                 60       1       1       0   .abs_section_60
     _TIM0_PAFLG                                 61       1       1       0   .abs_section_61
     _ATDSTAT0                                   86       1       1       1   .abs_section_86
     _ATDTEST1                                   89       1       1       0   .abs_section_89
     _ATDSTAT2                                   8A       1       1       0   .abs_section_8a
     _ATDSTAT1                                   8B       1       1       0   .abs_section_8b
     _PORTAD0                                    8E       1       1       0   .abs_section_8e
     _PORTAD1                                    8F       1       1       0   .abs_section_8f
     _SCI0CR1                                    CA       1       1       0   .abs_section_ca
     _SCI0CR2                                    CB       1       1       0   .abs_section_cb
     _SCI0SR1                                    CC       1       1       0   .abs_section_cc
     _SCI0SR2                                    CD       1       1       0   .abs_section_cd
     _SCI0DRH                                    CE       1       1       0   .abs_section_ce
     _SCI0DRL                                    CF       1       1       0   .abs_section_cf
     _SCI1CR1                                    D2       1       1       0   .abs_section_d2
     _SCI1CR2                                    D3       1       1       0   .abs_section_d3
     _SCI1SR1                                    D4       1       1       0   .abs_section_d4
     _SCI1SR2                                    D5       1       1       0   .abs_section_d5
     _SCI1DRH                                    D6       1       1       0   .abs_section_d6
     _SCI1DRL                                    D7       1       1       0   .abs_section_d7
     _SPICR1                                     D8       1       1       0   .abs_section_d8
     _SPICR2                                     D9       1       1       0   .abs_section_d9
     _SPIBR                                      DA       1       1       0   .abs_section_da
     _SPISR                                      DB       1       1       0   .abs_section_db
     _SPIDR                                      DD       1       1       0   .abs_section_dd
     _IBAD                                       E0       1       1       0   .abs_section_e0
     _IBFD                                       E1       1       1       0   .abs_section_e1
     _IBCR                                       E2       1       1       0   .abs_section_e2
     _IBSR                                       E3       1       1       0   .abs_section_e3
     _IBDR                                       E4       1       1       0   .abs_section_e4
     _SCI2CR1                                    EA       1       1       0   .abs_section_ea
     _SCI2CR2                                    EB       1       1       0   .abs_section_eb
     _SCI2SR1                                    EC       1       1       0   .abs_section_ec
     _SCI2SR2                                    ED       1       1       0   .abs_section_ed
     _SCI2DRH                                    EE       1       1       0   .abs_section_ee
     _SCI2DRL                                    EF       1       1       0   .abs_section_ef
     _DAC0_DACC0                                 F0       1       1       0   .abs_section_f0
     _DAC0_DACDLeft                              F2       1       1       0   .abs_section_f2
     _DAC0_DACDRight                             F3       1       1       0   .abs_section_f3
     _DAC1_DACC0                                 F4       1       1       0   .abs_section_f4
     _DAC1_DACDLeft                              F6       1       1       0   .abs_section_f6
     _DAC1_DACDRight                             F7       1       1       0   .abs_section_f7
     _FCLKDIV                                   100       1       1       0   .abs_section_100
     _FSEC                                      101       1       1       0   .abs_section_101
     _FCNFG                                     103       1       1       0   .abs_section_103
     _FPROT                                     104       1       1       0   .abs_section_104
     _FSTAT                                     105       1       1       0   .abs_section_105
     _FCMD                                      106       1       1       0   .abs_section_106
     _TIM1_TIOS                                 140       1       1       0   .abs_section_140
     _TIM1_CFORC                                141       1       1       0   .abs_section_141
     _TIM1_OC7M                                 142       1       1       0   .abs_section_142
     _TIM1_OC7D                                 143       1       1       0   .abs_section_143
     _TIM1_TSCR1                                146       1       1       0   .abs_section_146
     _TIM1_TTOV                                 147       1       1       0   .abs_section_147
     _TIM1_TCTL1                                148       1       1       0   .abs_section_148
     _TIM1_TCTL3                                14A       1       1       0   .abs_section_14a
     _TIM1_TIE                                  14C       1       1       0   .abs_section_14c
     _TIM1_TSCR2                                14D       1       1       0   .abs_section_14d
     _TIM1_TFLG1                                14E       1       1       0   .abs_section_14e
     _TIM1_TFLG2                                14F       1       1       0   .abs_section_14f
     _TIM1_PACTL                                160       1       1       0   .abs_section_160
     _TIM1_PAFLG                                161       1       1       0   .abs_section_161
     _TIM2_TIOS                                 180       1       1       0   .abs_section_180
     _TIM2_CFORC                                181       1       1       0   .abs_section_181
     _TIM2_OC7M                                 182       1       1       0   .abs_section_182
     _TIM2_OC7D                                 183       1       1       0   .abs_section_183
     _TIM2_TSCR1                                186       1       1       0   .abs_section_186
     _TIM2_TTOV                                 187       1       1       0   .abs_section_187
     _TIM2_TCTL1                                188       1       1       0   .abs_section_188
     _TIM2_TCTL3                                18A       1       1       0   .abs_section_18a
     _TIM2_TIE                                  18C       1       1       0   .abs_section_18c
     _TIM2_TSCR2                                18D       1       1       0   .abs_section_18d
     _TIM2_TFLG1                                18E       1       1       0   .abs_section_18e
     _TIM2_TFLG2                                18F       1       1       0   .abs_section_18f
     _TIM2_PACTL                                1A0       1       1       0   .abs_section_1a0
     _TIM2_PAFLG                                1A1       1       1       0   .abs_section_1a1
     _PWME                                      1E0       1       1       0   .abs_section_1e0
     _PWMPOL                                    1E1       1       1       0   .abs_section_1e1
     _PWMCLK                                    1E2       1       1       0   .abs_section_1e2
     _PWMPRCLK                                  1E3       1       1       0   .abs_section_1e3
     _PWMCAE                                    1E4       1       1       0   .abs_section_1e4
     _PWMCTL                                    1E5       1       1       0   .abs_section_1e5
     _PWMSCLA                                   1E8       1       1       0   .abs_section_1e8
     _PWMSCLB                                   1E9       1       1       0   .abs_section_1e9
     _PWMSDN                                    1FE       1       1       0   .abs_section_1fe
     _PMFCFG0                                   200       1       1       0   .abs_section_200
     _PMFCFG1                                   201       1       1       0   .abs_section_201
     _PMFCFG2                                   202       1       1       0   .abs_section_202
     _PMFCFG3                                   203       1       1       0   .abs_section_203
     _PMFFCTL                                   204       1       1       0   .abs_section_204
     _PMFFPIN                                   205       1       1       0   .abs_section_205
     _PMFFSTA                                   206       1       1       0   .abs_section_206
     _PMFQSMP                                   207       1       1       0   .abs_section_207
     _PMFDMPA                                   208       1       1       0   .abs_section_208
     _PMFDMPB                                   209       1       1       0   .abs_section_209
     _PMFDMPC                                   20A       1       1       0   .abs_section_20a
     _PMFOUTC                                   20C       1       1       0   .abs_section_20c
     _PMFOUTB                                   20D       1       1       0   .abs_section_20d
     _PMFDTMS                                   20E       1       1       0   .abs_section_20e
     _PMFCCTL                                   20F       1       1       0   .abs_section_20f
     _PMFENCA                                   220       1       1       0   .abs_section_220
     _PMFFQCA                                   221       1       1       0   .abs_section_221
     _PMFENCB                                   228       1       1       0   .abs_section_228
     _PMFFQCB                                   229       1       1       0   .abs_section_229
     _PMFENCC                                   230       1       1       0   .abs_section_230
     _PMFFQCC                                   231       1       1       0   .abs_section_231
     _PTT                                       240       1       1       0   .abs_section_240
     _PTIT                                      241       1       1       0   .abs_section_241
     _DDRT                                      242       1       1       0   .abs_section_242
     _RDRT                                      243       1       1       0   .abs_section_243
     _PERT                                      244       1       1       0   .abs_section_244
     _PPST                                      245       1       1       0   .abs_section_245
     _PTS                                       248       1       1       0   .abs_section_248
     _PTIS                                      249       1       1       0   .abs_section_249
     _DDRS                                      24A       1       1       0   .abs_section_24a
     _RDRS                                      24B       1       1       0   .abs_section_24b
     _PERS                                      24C       1       1       0   .abs_section_24c
     _PPSS                                      24D       1       1       0   .abs_section_24d
     _WOMS                                      24E       1       1       0   .abs_section_24e
     _PTM                                       250       1       1       5   .abs_section_250
     _PTIM                                      251       1       1       0   .abs_section_251
     _DDRM                                      252       1       1       1   .abs_section_252
     _RDRM                                      253       1       1       0   .abs_section_253
     _PERM                                      254       1       1       0   .abs_section_254
     _PPSM                                      255       1       1       0   .abs_section_255
     _WOMM                                      256       1       1       0   .abs_section_256
     _PTP                                       258       1       1       0   .abs_section_258
     _PTIP                                      259       1       1       0   .abs_section_259
     _DDRP                                      25A       1       1       0   .abs_section_25a
     _RDRP                                      25B       1       1       0   .abs_section_25b
     _PERP                                      25C       1       1       0   .abs_section_25c
     _PPSP                                      25D       1       1       0   .abs_section_25d
     _PTQ                                       260       1       1       0   .abs_section_260
     _PTIQ                                      261       1       1       0   .abs_section_261
     _DDRQ                                      262       1       1       0   .abs_section_262
     _RDRQ                                      263       1       1       0   .abs_section_263
     _PERQ                                      264       1       1       0   .abs_section_264
     _PPSQ                                      265       1       1       0   .abs_section_265
     _PTU                                       268       1       1       0   .abs_section_268
     _PTIU                                      269       1       1       0   .abs_section_269
     _DDRU                                      26A       1       1       0   .abs_section_26a
     _RDRU                                      26B       1       1       0   .abs_section_26b
     _PERU                                      26C       1       1       0   .abs_section_26c
     _PPSU                                      26D       1       1       0   .abs_section_26d
     _MODRR                                     26E       1       1       0   .abs_section_26e
     _PORTAB                                      0       2       2       0   .abs_section_0
     _DDRAB                                       2       2       2       0   .abs_section_2
     _PARTID                                     1A       2       2       0   .abs_section_1a
     _DBGTB                                      22       2       2       0   .abs_section_22
     _DBGCC                                      26       2       2       0   .abs_section_26
     _DBGCA                                      2B       2       2       0   .abs_section_2b
     _DBGCB                                      2E       2       2       0   .abs_section_2e
     _TIM0_TCNT                                  44       2       2       0   .abs_section_44
     _TIM0_TC4                                   58       2       2       0   .abs_section_58
     _TIM0_TC5                                   5A       2       2       0   .abs_section_5a
     _TIM0_TC6                                   5C       2       2       0   .abs_section_5c
     _TIM0_TC7                                   5E       2       2       0   .abs_section_5e
     _TIM0_PACNT                                 62       2       2       0   .abs_section_62
     _ATDCTL23                                   82       2       2       1   .abs_section_82
     _ATDCTL45                                   84       2       2       1   .abs_section_84
     _ATDDIEN                                    8C       2       2       0   .abs_section_8c
     _ATDDR0                                     90       2       2       1   .abs_section_90
     _ATDDR1                                     92       2       2       0   .abs_section_92
     _ATDDR2                                     94       2       2       0   .abs_section_94
     _ATDDR3                                     96       2       2       0   .abs_section_96
     _ATDDR4                                     98       2       2       0   .abs_section_98
     _ATDDR5                                     9A       2       2       0   .abs_section_9a
     _ATDDR6                                     9C       2       2       0   .abs_section_9c
     _ATDDR7                                     9E       2       2       0   .abs_section_9e
     _ATDDR8                                     A0       2       2       0   .abs_section_a0
     _ATDDR9                                     A2       2       2       0   .abs_section_a2
     _ATDDR10                                    A4       2       2       0   .abs_section_a4
     _ATDDR11                                    A6       2       2       0   .abs_section_a6
     _ATDDR12                                    A8       2       2       0   .abs_section_a8
     _ATDDR13                                    AA       2       2       0   .abs_section_aa
     _ATDDR14                                    AC       2       2       0   .abs_section_ac
     _ATDDR15                                    AE       2       2       0   .abs_section_ae
     _SCI0BD                                     C8       2       2       0   .abs_section_c8
     _SCI1BD                                     D0       2       2       0   .abs_section_d0
     _SCI2BD                                     E8       2       2       0   .abs_section_e8
     _TIM1_TCNT                                 144       2       2       0   .abs_section_144
     _TIM1_TC4                                  158       2       2       0   .abs_section_158
     _TIM1_TC5                                  15A       2       2       0   .abs_section_15a
     _TIM1_TC6                                  15C       2       2       0   .abs_section_15c
     _TIM1_TC7                                  15E       2       2       0   .abs_section_15e
     _TIM1_PACNT                                162       2       2       0   .abs_section_162
     _TIM2_TCNT                                 184       2       2       0   .abs_section_184
     _TIM2_TC4                                  198       2       2       0   .abs_section_198
     _TIM2_TC5                                  19A       2       2       0   .abs_section_19a
     _TIM2_TC6                                  19C       2       2       0   .abs_section_19c
     _TIM2_TC7                                  19E       2       2       0   .abs_section_19e
     _TIM2_PACNT                                1A2       2       2       0   .abs_section_1a2
     _PWMCNT01                                  1EC       2       2       0   .abs_section_1ec
     _PWMCNT23                                  1EE       2       2       0   .abs_section_1ee
     _PWMCNT45                                  1F0       2       2       0   .abs_section_1f0
     _PWMPER01                                  1F2       2       2       0   .abs_section_1f2
     _PWMPER23                                  1F4       2       2       0   .abs_section_1f4
     _PWMPER45                                  1F6       2       2       0   .abs_section_1f6
     _PWMDTY01                                  1F8       2       2       0   .abs_section_1f8
     _PWMDTY23                                  1FA       2       2       0   .abs_section_1fa
     _PWMDTY45                                  1FC       2       2       0   .abs_section_1fc
     _PMFVAL0                                   210       2       2       0   .abs_section_210
     _PMFVAL1                                   212       2       2       0   .abs_section_212
     _PMFVAL2                                   214       2       2       0   .abs_section_214
     _PMFVAL3                                   216       2       2       0   .abs_section_216
     _PMFVAL4                                   218       2       2       0   .abs_section_218
     _PMFVAL5                                   21A       2       2       0   .abs_section_21a
     _PMFCNTA                                   222       2       2       0   .abs_section_222
     _PMFMODA                                   224       2       2       0   .abs_section_224
     _PMFDTMA                                   226       2       2       0   .abs_section_226
     _PMFCNTB                                   22A       2       2       0   .abs_section_22a
     _PMFMODB                                   22C       2       2       0   .abs_section_22c
     _PMFDTMB                                   22E       2       2       0   .abs_section_22e
     _PMFCNTC                                   232       2       2       0   .abs_section_232
     _PMFMODC                                   234       2       2       0   .abs_section_234
     _PMFDTMC                                   236       2       2       0   .abs_section_236
     _PTAD                                      270       2       2       4   .abs_section_270
     _PTIAD                                     272       2       2       0   .abs_section_272
     _DDRAD                                     274       2       2       1   .abs_section_274
     _RDRAD                                     276       2       2       0   .abs_section_276
     _PERAD                                     278       2       2       0   .abs_section_278
     _PPSAD                                     27A       2       2       0   .abs_section_27a
     _PIEAD                                     27C       2       2       0   .abs_section_27c
     _PIFAD                                     27E       2       2       0   .abs_section_27e
MODULE:                 -- potentiometer.c.o --
- PROCEDURES:
     read_pot                                  C17B      18      24       1   NON_BANKED  
- VARIABLES:
     pot_value                                  502       2       2       4   .common     
MODULE:                 -- interrupt.asm.o --
- PROCEDURES:
     RTI_ISR                                   C193       D      13       0   interrupt.asm._SEC000000
     Skip_Step                                 C1A0       B      11       0   interrupt.asm._SEC000000
     Chck_FAST                                 C1AB       5       5       0   interrupt.asm._SEC000000
     END_RTI                                   C1B0       7       7       0   interrupt.asm._SEC000000
     FAST_LP                                   C1B7      15      21       0   interrupt.asm._SEC000000
     FAST_KEY                                  C1CC      1A      26       0   interrupt.asm._SEC000000
     FAST_END                                  C1E6       2       2       0   interrupt.asm._SEC000000
     IRQ_ISR                                   C1E8      16      22       0   interrupt.asm._SEC000000
     Set_seq                                   C1FE      15      21       0   interrupt.asm._SEC000000
     Scan_seq                                  C213      19      25       0   interrupt.asm._SEC000000
     Scan_end                                  C22C       9       9       0   interrupt.asm._SEC000000
     Key_Read                                  C235       5       5       0   interrupt.asm._SEC000000
     Key_Lp                                    C23A      1F      31       0   interrupt.asm._SEC000000
     CW_Lp                                     C259      27      39       0   interrupt.asm._SEC000000
     DC_Setup                                  C280      16      22       0   interrupt.asm._SEC000000
     PWM_ON                                    C296      13      19       0   interrupt.asm._SEC000000
     PWM_OFF                                   C2A9      12      18       0   interrupt.asm._SEC000000
     PWN_CLR                                   C2BB       9       9       0   interrupt.asm._SEC000000
     Pot_SEL                                   C2C4      10      16       0   interrupt.asm._SEC000000
     Pot_MENU                                  C2D4      12      18       0   interrupt.asm._SEC000000
     Pot_RIGHT                                 C2E6       8       8       0   interrupt.asm._SEC000000
     Pot_LEFT                                  C2EE       6       6       0   interrupt.asm._SEC000000
     Pot_END                                   C2F4       E      14       0   interrupt.asm._SEC000000
- VARIABLES:
MODULE:                 -- updateLCD.asm.o --
- PROCEDURES:
     default_disp                              C302      AC     172       1   updateLCD.asm._SEC000000
     menu_tutorial                             C3AE      AC     172       0   updateLCD.asm._SEC000000
     menu_disp                                 C45A      5C      92       0   updateLCD.asm._SEC000000
     newAcc_disp                               C4B6      57      87       0   updateLCD.asm._SEC000000
     delAcc_disp                               C50D      57      87       0   updateLCD.asm._SEC000000
     login_disp                                C564      57      87       0   updateLCD.asm._SEC000000
     visit_disp                                C5BB      57      87       0   updateLCD.asm._SEC000000
     whereToGo_disp                            C612      57      87       0   updateLCD.asm._SEC000000
     aqua_disp                                 C669      5C      92       0   updateLCD.asm._SEC000000
     garden_disp                               C6C5      5C      92       0   updateLCD.asm._SEC000000
     safari_disp                               C721      5C      92       0   updateLCD.asm._SEC000000
     log_usr_sel                               C77D      57      87       0   updateLCD.asm._SEC000000
     log_usr_shift                             C7D4      5E      94       0   updateLCD.asm._SEC000000
     ENTER_PASSWORD                            C832      57      87       0   updateLCD.asm._SEC000000
     SUCC_PASSWORD                             C889      57      87       0   updateLCD.asm._SEC000000
     FAIL_PASSWORD                             C8E0      57      87       0   updateLCD.asm._SEC000000
     ATTEMPT_PASS                              C937      5A      90       0   updateLCD.asm._SEC000000
     no_empty_disp                             C991      AC     172       0   updateLCD.asm._SEC000000
     newUsr_done                               CA3D      57      87       0   updateLCD.asm._SEC000000
     newUsr_disp                               CA94      57      87       0   updateLCD.asm._SEC000000
     ATTEMPT_USR                               CAEB      5F      95       0   updateLCD.asm._SEC000000
- VARIABLES:
MODULE:                 -- defaults.asm.o --
- PROCEDURES:
     user_defaults                             CB4A      38      56       1   defaults.asm._SEC000000
     usr_GRANT                                 CB82      43      67       1   defaults.asm._SEC000000
     usr_SATTLER                               CBC5      43      67       1   defaults.asm._SEC000000
     usr_MALCOLM                               CC08      43      67       1   defaults.asm._SEC000000
     usr_EMPTY                                 CC4B      43      67       1   defaults.asm._SEC000000
     usr_VISIT                                 CC8E      43      67       1   defaults.asm._SEC000000
     reset_Temp                                CCD1      23      35       0   defaults.asm._SEC000000
- VARIABLES:

*********************************************************************************************
MODULE STATISTIC
  Name                                      Data   Code  Const
---------------------------------------------------------------------------------------------
  main.asm.o                                   0    136    164
  lcddisp.c.o                                  2    243      0
  mc9s12e128.c.o                             352      0      0
  potentiometer.c.o                            2     24      0
  interrupt.asm.o                              0    367      0
  updateLCD.asm.o                              0   2120      0
  defaults.asm.o                               0    426      0
  other                                      256      6      0

*********************************************************************************************
SECTION USE IN OBJECT-ALLOCATION SECTION
---------------------------------------------------------------------------------------------
SECTION: ".text"
  port_t port_p port_u RTI_Cnter STEP_TAB Step_Idx Stepper_ON KEY_TAB 
  Scan_KeyRow Scan_Count key_press key_val disp old_pot pot_shift DC_cnter t_on 
  user_sel usr_menu_shift usr_menu_max usr_sel_acc usr_max usr_char usr_empty 
  usr_temp usr_new_id pass_char pass_temp key_twice usr_0 usr_1 usr_2 usr_3 
  usr_4 JEEP_MODE FAST_SET 
SECTION: ".bss"
  data 
SECTION: ".init"
  Entry Loop 
SECTION: "NON_BANKED"
  delay_ms init_LCD display_string Delay epulse sendCommand read_pot 
SECTION: ".common"
  pot_value 
SECTION: ".abs_section_8"
  _PORTE 
SECTION: ".abs_section_9"
  _DDRE 
SECTION: ".abs_section_a"
  _PEAR 
SECTION: ".abs_section_b"
  _MODE 
SECTION: ".abs_section_c"
  _PUCR 
SECTION: ".abs_section_d"
  _RDRIV 
SECTION: ".abs_section_e"
  _EBICTL 
SECTION: ".abs_section_10"
  _INITRM 
SECTION: ".abs_section_11"
  _INITRG 
SECTION: ".abs_section_13"
  _MISC 
SECTION: ".abs_section_15"
  _ITCR 
SECTION: ".abs_section_16"
  _ITEST 
SECTION: ".abs_section_19"
  _VREGCTRL 
SECTION: ".abs_section_1c"
  _MEMSIZ0 
SECTION: ".abs_section_1d"
  _MEMSIZ1 
SECTION: ".abs_section_1e"
  _INTCR 
SECTION: ".abs_section_1f"
  _HPRIO 
SECTION: ".abs_section_20"
  _DBGC1 
SECTION: ".abs_section_21"
  _DBGSC 
SECTION: ".abs_section_24"
  _DBGCNT 
SECTION: ".abs_section_25"
  _DBGCCX 
SECTION: ".abs_section_28"
  _DBGC2 
SECTION: ".abs_section_29"
  _DBGC3 
SECTION: ".abs_section_2a"
  _DBGCAX 
SECTION: ".abs_section_2d"
  _DBGCBX 
SECTION: ".abs_section_30"
  _PPAGE 
SECTION: ".abs_section_32"
  _PORTK 
SECTION: ".abs_section_33"
  _DDRK 
SECTION: ".abs_section_34"
  _SYNR 
SECTION: ".abs_section_35"
  _REFDV 
SECTION: ".abs_section_37"
  _CRGFLG 
SECTION: ".abs_section_38"
  _CRGINT 
SECTION: ".abs_section_39"
  _CLKSEL 
SECTION: ".abs_section_3a"
  _PLLCTL 
SECTION: ".abs_section_3b"
  _RTICTL 
SECTION: ".abs_section_3c"
  _COPCTL 
SECTION: ".abs_section_3f"
  _ARMCOP 
SECTION: ".abs_section_40"
  _TIM0_TIOS 
SECTION: ".abs_section_41"
  _TIM0_CFORC 
SECTION: ".abs_section_42"
  _TIM0_OC7M 
SECTION: ".abs_section_43"
  _TIM0_OC7D 
SECTION: ".abs_section_46"
  _TIM0_TSCR1 
SECTION: ".abs_section_47"
  _TIM0_TTOV 
SECTION: ".abs_section_48"
  _TIM0_TCTL1 
SECTION: ".abs_section_4a"
  _TIM0_TCTL3 
SECTION: ".abs_section_4c"
  _TIM0_TIE 
SECTION: ".abs_section_4d"
  _TIM0_TSCR2 
SECTION: ".abs_section_4e"
  _TIM0_TFLG1 
SECTION: ".abs_section_4f"
  _TIM0_TFLG2 
SECTION: ".abs_section_60"
  _TIM0_PACTL 
SECTION: ".abs_section_61"
  _TIM0_PAFLG 
SECTION: ".abs_section_86"
  _ATDSTAT0 
SECTION: ".abs_section_89"
  _ATDTEST1 
SECTION: ".abs_section_8a"
  _ATDSTAT2 
SECTION: ".abs_section_8b"
  _ATDSTAT1 
SECTION: ".abs_section_8e"
  _PORTAD0 
SECTION: ".abs_section_8f"
  _PORTAD1 
SECTION: ".abs_section_ca"
  _SCI0CR1 
SECTION: ".abs_section_cb"
  _SCI0CR2 
SECTION: ".abs_section_cc"
  _SCI0SR1 
SECTION: ".abs_section_cd"
  _SCI0SR2 
SECTION: ".abs_section_ce"
  _SCI0DRH 
SECTION: ".abs_section_cf"
  _SCI0DRL 
SECTION: ".abs_section_d2"
  _SCI1CR1 
SECTION: ".abs_section_d3"
  _SCI1CR2 
SECTION: ".abs_section_d4"
  _SCI1SR1 
SECTION: ".abs_section_d5"
  _SCI1SR2 
SECTION: ".abs_section_d6"
  _SCI1DRH 
SECTION: ".abs_section_d7"
  _SCI1DRL 
SECTION: ".abs_section_d8"
  _SPICR1 
SECTION: ".abs_section_d9"
  _SPICR2 
SECTION: ".abs_section_da"
  _SPIBR 
SECTION: ".abs_section_db"
  _SPISR 
SECTION: ".abs_section_dd"
  _SPIDR 
SECTION: ".abs_section_e0"
  _IBAD 
SECTION: ".abs_section_e1"
  _IBFD 
SECTION: ".abs_section_e2"
  _IBCR 
SECTION: ".abs_section_e3"
  _IBSR 
SECTION: ".abs_section_e4"
  _IBDR 
SECTION: ".abs_section_ea"
  _SCI2CR1 
SECTION: ".abs_section_eb"
  _SCI2CR2 
SECTION: ".abs_section_ec"
  _SCI2SR1 
SECTION: ".abs_section_ed"
  _SCI2SR2 
SECTION: ".abs_section_ee"
  _SCI2DRH 
SECTION: ".abs_section_ef"
  _SCI2DRL 
SECTION: ".abs_section_f0"
  _DAC0_DACC0 
SECTION: ".abs_section_f2"
  _DAC0_DACDLeft 
SECTION: ".abs_section_f3"
  _DAC0_DACDRight 
SECTION: ".abs_section_f4"
  _DAC1_DACC0 
SECTION: ".abs_section_f6"
  _DAC1_DACDLeft 
SECTION: ".abs_section_f7"
  _DAC1_DACDRight 
SECTION: ".abs_section_100"
  _FCLKDIV 
SECTION: ".abs_section_101"
  _FSEC 
SECTION: ".abs_section_103"
  _FCNFG 
SECTION: ".abs_section_104"
  _FPROT 
SECTION: ".abs_section_105"
  _FSTAT 
SECTION: ".abs_section_106"
  _FCMD 
SECTION: ".abs_section_140"
  _TIM1_TIOS 
SECTION: ".abs_section_141"
  _TIM1_CFORC 
SECTION: ".abs_section_142"
  _TIM1_OC7M 
SECTION: ".abs_section_143"
  _TIM1_OC7D 
SECTION: ".abs_section_146"
  _TIM1_TSCR1 
SECTION: ".abs_section_147"
  _TIM1_TTOV 
SECTION: ".abs_section_148"
  _TIM1_TCTL1 
SECTION: ".abs_section_14a"
  _TIM1_TCTL3 
SECTION: ".abs_section_14c"
  _TIM1_TIE 
SECTION: ".abs_section_14d"
  _TIM1_TSCR2 
SECTION: ".abs_section_14e"
  _TIM1_TFLG1 
SECTION: ".abs_section_14f"
  _TIM1_TFLG2 
SECTION: ".abs_section_160"
  _TIM1_PACTL 
SECTION: ".abs_section_161"
  _TIM1_PAFLG 
SECTION: ".abs_section_180"
  _TIM2_TIOS 
SECTION: ".abs_section_181"
  _TIM2_CFORC 
SECTION: ".abs_section_182"
  _TIM2_OC7M 
SECTION: ".abs_section_183"
  _TIM2_OC7D 
SECTION: ".abs_section_186"
  _TIM2_TSCR1 
SECTION: ".abs_section_187"
  _TIM2_TTOV 
SECTION: ".abs_section_188"
  _TIM2_TCTL1 
SECTION: ".abs_section_18a"
  _TIM2_TCTL3 
SECTION: ".abs_section_18c"
  _TIM2_TIE 
SECTION: ".abs_section_18d"
  _TIM2_TSCR2 
SECTION: ".abs_section_18e"
  _TIM2_TFLG1 
SECTION: ".abs_section_18f"
  _TIM2_TFLG2 
SECTION: ".abs_section_1a0"
  _TIM2_PACTL 
SECTION: ".abs_section_1a1"
  _TIM2_PAFLG 
SECTION: ".abs_section_1e0"
  _PWME 
SECTION: ".abs_section_1e1"
  _PWMPOL 
SECTION: ".abs_section_1e2"
  _PWMCLK 
SECTION: ".abs_section_1e3"
  _PWMPRCLK 
SECTION: ".abs_section_1e4"
  _PWMCAE 
SECTION: ".abs_section_1e5"
  _PWMCTL 
SECTION: ".abs_section_1e8"
  _PWMSCLA 
SECTION: ".abs_section_1e9"
  _PWMSCLB 
SECTION: ".abs_section_1fe"
  _PWMSDN 
SECTION: ".abs_section_200"
  _PMFCFG0 
SECTION: ".abs_section_201"
  _PMFCFG1 
SECTION: ".abs_section_202"
  _PMFCFG2 
SECTION: ".abs_section_203"
  _PMFCFG3 
SECTION: ".abs_section_204"
  _PMFFCTL 
SECTION: ".abs_section_205"
  _PMFFPIN 
SECTION: ".abs_section_206"
  _PMFFSTA 
SECTION: ".abs_section_207"
  _PMFQSMP 
SECTION: ".abs_section_208"
  _PMFDMPA 
SECTION: ".abs_section_209"
  _PMFDMPB 
SECTION: ".abs_section_20a"
  _PMFDMPC 
SECTION: ".abs_section_20c"
  _PMFOUTC 
SECTION: ".abs_section_20d"
  _PMFOUTB 
SECTION: ".abs_section_20e"
  _PMFDTMS 
SECTION: ".abs_section_20f"
  _PMFCCTL 
SECTION: ".abs_section_220"
  _PMFENCA 
SECTION: ".abs_section_221"
  _PMFFQCA 
SECTION: ".abs_section_228"
  _PMFENCB 
SECTION: ".abs_section_229"
  _PMFFQCB 
SECTION: ".abs_section_230"
  _PMFENCC 
SECTION: ".abs_section_231"
  _PMFFQCC 
SECTION: ".abs_section_240"
  _PTT 
SECTION: ".abs_section_241"
  _PTIT 
SECTION: ".abs_section_242"
  _DDRT 
SECTION: ".abs_section_243"
  _RDRT 
SECTION: ".abs_section_244"
  _PERT 
SECTION: ".abs_section_245"
  _PPST 
SECTION: ".abs_section_248"
  _PTS 
SECTION: ".abs_section_249"
  _PTIS 
SECTION: ".abs_section_24a"
  _DDRS 
SECTION: ".abs_section_24b"
  _RDRS 
SECTION: ".abs_section_24c"
  _PERS 
SECTION: ".abs_section_24d"
  _PPSS 
SECTION: ".abs_section_24e"
  _WOMS 
SECTION: ".abs_section_250"
  _PTM 
SECTION: ".abs_section_251"
  _PTIM 
SECTION: ".abs_section_252"
  _DDRM 
SECTION: ".abs_section_253"
  _RDRM 
SECTION: ".abs_section_254"
  _PERM 
SECTION: ".abs_section_255"
  _PPSM 
SECTION: ".abs_section_256"
  _WOMM 
SECTION: ".abs_section_258"
  _PTP 
SECTION: ".abs_section_259"
  _PTIP 
SECTION: ".abs_section_25a"
  _DDRP 
SECTION: ".abs_section_25b"
  _RDRP 
SECTION: ".abs_section_25c"
  _PERP 
SECTION: ".abs_section_25d"
  _PPSP 
SECTION: ".abs_section_260"
  _PTQ 
SECTION: ".abs_section_261"
  _PTIQ 
SECTION: ".abs_section_262"
  _DDRQ 
SECTION: ".abs_section_263"
  _RDRQ 
SECTION: ".abs_section_264"
  _PERQ 
SECTION: ".abs_section_265"
  _PPSQ 
SECTION: ".abs_section_268"
  _PTU 
SECTION: ".abs_section_269"
  _PTIU 
SECTION: ".abs_section_26a"
  _DDRU 
SECTION: ".abs_section_26b"
  _RDRU 
SECTION: ".abs_section_26c"
  _PERU 
SECTION: ".abs_section_26d"
  _PPSU 
SECTION: ".abs_section_26e"
  _MODRR 
SECTION: ".abs_section_0"
  _PORTAB 
SECTION: ".abs_section_2"
  _DDRAB 
SECTION: ".abs_section_1a"
  _PARTID 
SECTION: ".abs_section_22"
  _DBGTB 
SECTION: ".abs_section_26"
  _DBGCC 
SECTION: ".abs_section_2b"
  _DBGCA 
SECTION: ".abs_section_2e"
  _DBGCB 
SECTION: ".abs_section_44"
  _TIM0_TCNT 
SECTION: ".abs_section_58"
  _TIM0_TC4 
SECTION: ".abs_section_5a"
  _TIM0_TC5 
SECTION: ".abs_section_5c"
  _TIM0_TC6 
SECTION: ".abs_section_5e"
  _TIM0_TC7 
SECTION: ".abs_section_62"
  _TIM0_PACNT 
SECTION: ".abs_section_82"
  _ATDCTL23 
SECTION: ".abs_section_84"
  _ATDCTL45 
SECTION: ".abs_section_8c"
  _ATDDIEN 
SECTION: ".abs_section_90"
  _ATDDR0 
SECTION: ".abs_section_92"
  _ATDDR1 
SECTION: ".abs_section_94"
  _ATDDR2 
SECTION: ".abs_section_96"
  _ATDDR3 
SECTION: ".abs_section_98"
  _ATDDR4 
SECTION: ".abs_section_9a"
  _ATDDR5 
SECTION: ".abs_section_9c"
  _ATDDR6 
SECTION: ".abs_section_9e"
  _ATDDR7 
SECTION: ".abs_section_a0"
  _ATDDR8 
SECTION: ".abs_section_a2"
  _ATDDR9 
SECTION: ".abs_section_a4"
  _ATDDR10 
SECTION: ".abs_section_a6"
  _ATDDR11 
SECTION: ".abs_section_a8"
  _ATDDR12 
SECTION: ".abs_section_aa"
  _ATDDR13 
SECTION: ".abs_section_ac"
  _ATDDR14 
SECTION: ".abs_section_ae"
  _ATDDR15 
SECTION: ".abs_section_c8"
  _SCI0BD 
SECTION: ".abs_section_d0"
  _SCI1BD 
SECTION: ".abs_section_e8"
  _SCI2BD 
SECTION: ".abs_section_144"
  _TIM1_TCNT 
SECTION: ".abs_section_158"
  _TIM1_TC4 
SECTION: ".abs_section_15a"
  _TIM1_TC5 
SECTION: ".abs_section_15c"
  _TIM1_TC6 
SECTION: ".abs_section_15e"
  _TIM1_TC7 
SECTION: ".abs_section_162"
  _TIM1_PACNT 
SECTION: ".abs_section_184"
  _TIM2_TCNT 
SECTION: ".abs_section_198"
  _TIM2_TC4 
SECTION: ".abs_section_19a"
  _TIM2_TC5 
SECTION: ".abs_section_19c"
  _TIM2_TC6 
SECTION: ".abs_section_19e"
  _TIM2_TC7 
SECTION: ".abs_section_1a2"
  _TIM2_PACNT 
SECTION: ".abs_section_1ec"
  _PWMCNT01 
SECTION: ".abs_section_1ee"
  _PWMCNT23 
SECTION: ".abs_section_1f0"
  _PWMCNT45 
SECTION: ".abs_section_1f2"
  _PWMPER01 
SECTION: ".abs_section_1f4"
  _PWMPER23 
SECTION: ".abs_section_1f6"
  _PWMPER45 
SECTION: ".abs_section_1f8"
  _PWMDTY01 
SECTION: ".abs_section_1fa"
  _PWMDTY23 
SECTION: ".abs_section_1fc"
  _PWMDTY45 
SECTION: ".abs_section_210"
  _PMFVAL0 
SECTION: ".abs_section_212"
  _PMFVAL1 
SECTION: ".abs_section_214"
  _PMFVAL2 
SECTION: ".abs_section_216"
  _PMFVAL3 
SECTION: ".abs_section_218"
  _PMFVAL4 
SECTION: ".abs_section_21a"
  _PMFVAL5 
SECTION: ".abs_section_222"
  _PMFCNTA 
SECTION: ".abs_section_224"
  _PMFMODA 
SECTION: ".abs_section_226"
  _PMFDTMA 
SECTION: ".abs_section_22a"
  _PMFCNTB 
SECTION: ".abs_section_22c"
  _PMFMODB 
SECTION: ".abs_section_22e"
  _PMFDTMB 
SECTION: ".abs_section_232"
  _PMFCNTC 
SECTION: ".abs_section_234"
  _PMFMODC 
SECTION: ".abs_section_236"
  _PMFDTMC 
SECTION: ".abs_section_270"
  _PTAD 
SECTION: ".abs_section_272"
  _PTIAD 
SECTION: ".abs_section_274"
  _DDRAD 
SECTION: ".abs_section_276"
  _RDRAD 
SECTION: ".abs_section_278"
  _PERAD 
SECTION: ".abs_section_27a"
  _PPSAD 
SECTION: ".abs_section_27c"
  _PIEAD 
SECTION: ".abs_section_27e"
  _PIFAD 
SECTION: "interrupt.asm._SEC000000"
  RTI_ISR Skip_Step Chck_FAST END_RTI FAST_LP FAST_KEY FAST_END IRQ_ISR 
  Set_seq Scan_seq Scan_end Key_Read Key_Lp CW_Lp DC_Setup PWM_ON PWM_OFF 
  PWN_CLR Pot_SEL Pot_MENU Pot_RIGHT Pot_LEFT Pot_END 
SECTION: "updateLCD.asm._SEC000000"
  default_disp menu_tutorial menu_disp newAcc_disp delAcc_disp login_disp 
  visit_disp whereToGo_disp aqua_disp garden_disp safari_disp log_usr_sel 
  log_usr_shift ENTER_PASSWORD SUCC_PASSWORD FAIL_PASSWORD ATTEMPT_PASS 
  no_empty_disp newUsr_done newUsr_disp ATTEMPT_USR 
SECTION: "defaults.asm._SEC000000"
  user_defaults usr_GRANT usr_SATTLER usr_MALCOLM usr_EMPTY usr_VISIT 
  reset_Temp 

*********************************************************************************************
OBJECT LIST SORTED BY ADDRESS
     Name                                      Addr   hSize   dSize     Ref    Section   RLIB
---------------------------------------------------------------------------------------------
     _PORTAB                                      0       2       2       0   .abs_section_0
     _DDRAB                                       2       2       2       0   .abs_section_2
     _PORTE                                       8       1       1       0   .abs_section_8
     _DDRE                                        9       1       1       0   .abs_section_9
     _PEAR                                        A       1       1       0   .abs_section_a
     _MODE                                        B       1       1       0   .abs_section_b
     _PUCR                                        C       1       1       0   .abs_section_c
     _RDRIV                                       D       1       1       0   .abs_section_d
     _EBICTL                                      E       1       1       0   .abs_section_e
     _INITRM                                     10       1       1       0   .abs_section_10
     _INITRG                                     11       1       1       0   .abs_section_11
     _MISC                                       13       1       1       0   .abs_section_13
     _ITCR                                       15       1       1       0   .abs_section_15
     _ITEST                                      16       1       1       0   .abs_section_16
     _VREGCTRL                                   19       1       1       0   .abs_section_19
     _PARTID                                     1A       2       2       0   .abs_section_1a
     _MEMSIZ0                                    1C       1       1       0   .abs_section_1c
     _MEMSIZ1                                    1D       1       1       0   .abs_section_1d
     _INTCR                                      1E       1       1       0   .abs_section_1e
     _HPRIO                                      1F       1       1       0   .abs_section_1f
     _DBGC1                                      20       1       1       0   .abs_section_20
     _DBGSC                                      21       1       1       0   .abs_section_21
     _DBGTB                                      22       2       2       0   .abs_section_22
     _DBGCNT                                     24       1       1       0   .abs_section_24
     _DBGCCX                                     25       1       1       0   .abs_section_25
     _DBGCC                                      26       2       2       0   .abs_section_26
     _DBGC2                                      28       1       1       0   .abs_section_28
     _DBGC3                                      29       1       1       0   .abs_section_29
     _DBGCAX                                     2A       1       1       0   .abs_section_2a
     _DBGCA                                      2B       2       2       0   .abs_section_2b
     _DBGCBX                                     2D       1       1       0   .abs_section_2d
     _DBGCB                                      2E       2       2       0   .abs_section_2e
     _PPAGE                                      30       1       1       0   .abs_section_30
     _PORTK                                      32       1       1       0   .abs_section_32
     _DDRK                                       33       1       1       0   .abs_section_33
     _SYNR                                       34       1       1       0   .abs_section_34
     _REFDV                                      35       1       1       0   .abs_section_35
     _CRGFLG                                     37       1       1       0   .abs_section_37
     _CRGINT                                     38       1       1       0   .abs_section_38
     _CLKSEL                                     39       1       1       0   .abs_section_39
     _PLLCTL                                     3A       1       1       0   .abs_section_3a
     _RTICTL                                     3B       1       1       0   .abs_section_3b
     _COPCTL                                     3C       1       1       0   .abs_section_3c
     _ARMCOP                                     3F       1       1       0   .abs_section_3f
     _TIM0_TIOS                                  40       1       1       0   .abs_section_40
     _TIM0_CFORC                                 41       1       1       0   .abs_section_41
     _TIM0_OC7M                                  42       1       1       0   .abs_section_42
     _TIM0_OC7D                                  43       1       1       0   .abs_section_43
     _TIM0_TCNT                                  44       2       2       0   .abs_section_44
     _TIM0_TSCR1                                 46       1       1       0   .abs_section_46
     _TIM0_TTOV                                  47       1       1       0   .abs_section_47
     _TIM0_TCTL1                                 48       1       1       0   .abs_section_48
     _TIM0_TCTL3                                 4A       1       1       0   .abs_section_4a
     _TIM0_TIE                                   4C       1       1       0   .abs_section_4c
     _TIM0_TSCR2                                 4D       1       1       0   .abs_section_4d
     _TIM0_TFLG1                                 4E       1       1       0   .abs_section_4e
     _TIM0_TFLG2                                 4F       1       1       0   .abs_section_4f
     _TIM0_TC4                                   58       2       2       0   .abs_section_58
     _TIM0_TC5                                   5A       2       2       0   .abs_section_5a
     _TIM0_TC6                                   5C       2       2       0   .abs_section_5c
[...]
     _PMFDTMA                                   226       2       2       0   .abs_section_226
     _PMFENCB                                   228       1       1       0   .abs_section_228
     _PMFFQCB                                   229       1       1       0   .abs_section_229
     _PMFCNTB                                   22A       2       2       0   .abs_section_22a
     _PMFMODB                                   22C       2       2       0   .abs_section_22c
     _PMFDTMB                                   22E       2       2       0   .abs_section_22e
     _PMFENCC                                   230       1       1       0   .abs_section_230
     _PMFFQCC                                   231       1       1       0   .abs_section_231
     _PMFCNTC                                   232       2       2       0   .abs_section_232
     _PMFMODC                                   234       2       2       0   .abs_section_234
     _PMFDTMC                                   236       2       2       0   .abs_section_236
     _PTT                                       240       1       1       0   .abs_section_240
     port_t                                     240       0       0       2   .text       
     _PTIT                                      241       1       1       0   .abs_section_241
     _DDRT                                      242       1       1       0   .abs_section_242
     _RDRT                                      243       1       1       0   .abs_section_243
     _PERT                                      244       1       1       0   .abs_section_244
     _PPST                                      245       1       1       0   .abs_section_245
     _PTS                                       248       1       1       0   .abs_section_248
     _PTIS                                      249       1       1       0   .abs_section_249
     _DDRS                                      24A       1       1       0   .abs_section_24a
     _RDRS                                      24B       1       1       0   .abs_section_24b
     _PERS                                      24C       1       1       0   .abs_section_24c
     _PPSS                                      24D       1       1       0   .abs_section_24d
     _WOMS                                      24E       1       1       0   .abs_section_24e
     _PTM                                       250       1       1       5   .abs_section_250
     _PTIM                                      251       1       1       0   .abs_section_251
     _DDRM                                      252       1       1       1   .abs_section_252
     _RDRM                                      253       1       1       0   .abs_section_253
     _PERM                                      254       1       1       0   .abs_section_254
     _PPSM                                      255       1       1       0   .abs_section_255
     _WOMM                                      256       1       1       0   .abs_section_256
     _PTP                                       258       1       1       0   .abs_section_258
     port_p                                     258       0       0       1   .text       
     _PTIP                                      259       1       1       0   .abs_section_259
     _DDRP                                      25A       1       1       0   .abs_section_25a
     _RDRP                                      25B       1       1       0   .abs_section_25b
     _PERP                                      25C       1       1       0   .abs_section_25c
     _PPSP                                      25D       1       1       0   .abs_section_25d
     _PTQ                                       260       1       1       0   .abs_section_260
     _PTIQ                                      261       1       1       0   .abs_section_261
     _DDRQ                                      262       1       1       0   .abs_section_262
     _RDRQ                                      263       1       1       0   .abs_section_263
     _PERQ                                      264       1       1       0   .abs_section_264
     _PPSQ                                      265       1       1       0   .abs_section_265
     _PTU                                       268       1       1       0   .abs_section_268
     port_u                                     268       0       0       3   .text       
     _PTIU                                      269       1       1       0   .abs_section_269
     _DDRU                                      26A       1       1       0   .abs_section_26a
     _RDRU                                      26B       1       1       0   .abs_section_26b
     _PERU                                      26C       1       1       0   .abs_section_26c
     _PPSU                                      26D       1       1       0   .abs_section_26d
     _MODRR                                     26E       1       1       0   .abs_section_26e
     _PTAD                                      270       2       2       4   .abs_section_270
     _PTIAD                                     272       2       2       0   .abs_section_272
     _DDRAD                                     274       2       2       1   .abs_section_274
     _RDRAD                                     276       2       2       0   .abs_section_276
     _PERAD                                     278       2       2       0   .abs_section_278
     _PPSAD                                     27A       2       2       0   .abs_section_27a
     _PIEAD                                     27C       2       2       0   .abs_section_27c
     _PIFAD                                     27E       2       2       0   .abs_section_27e
     data                                       500       2       2       4   .bss        
     pot_value                                  502       2       2       4   .common     
     RTI_Cnter                                  800       2       2       5   .text       
     STEP_TAB                                   802       4       4       1   .text       
     Step_Idx                                   806       1       1       4   .text       
     Stepper_ON                                 807       1       1       4   .text       
     KEY_TAB                                    808      10      16       1   .text       
     Scan_KeyRow                                818       4       4       1   .text       
     Scan_Count                                 81C       2       2       4   .text       
     key_press                                  81E       1       1       0   .text       
     key_val                                    81F       1       1       5   .text       
     disp                                       820      21      33     414   .text       
     old_pot                                    841       1       1       2   .text       
     pot_shift                                  842       1       1       3   .text       
     DC_cnter                                   843       1       1       6   .text       
     t_on                                       844       1       1       3   .text       
     user_sel                                   845       1       1       0   .text       
     usr_menu_shift                             846       1       1       0   .text       
     usr_menu_max                               847       1       1       0   .text       
     usr_sel_acc                                848       1       1       0   .text       
     usr_max                                    849       1       1       0   .text       
     usr_char                                   84A       1       1       0   .text       
     usr_empty                                  84B       1       1       5   .text       
     usr_temp                                   84C       1       1       1   .text       
     usr_new_id                                 84D       2       2       0   .text       
     pass_char                                  84F       1       1       0   .text       
     pass_temp                                  850       1       1       1   .text       
     key_twice                                  851       1       1       0   .text       
     usr_0                                      852      10      16       1   .text       
     usr_1                                      862      10      16       1   .text       
     usr_2                                      872      10      16       1   .text       
     usr_3                                      882      10      16       1   .text       
     usr_4                                      892      10      16       1   .text       
     JEEP_MODE                                  8A2       1       1       1   .text       
     FAST_SET                                   8A3       1       1       9   .text       
     Entry                                     C000      85     133       0   .init       
     Loop                                      C085       3       3       0   .init       
     delay_ms                                  C088      17      23       5   NON_BANKED  
     init_LCD                                  C09F      52      82       1   NON_BANKED  
     display_string                            C0F1      38      56      22   NON_BANKED  
     Delay                                     C129      1F      31       1   NON_BANKED  
     epulse                                    C148      24      36       3   NON_BANKED  
     sendCommand                               C16C       F      15       7   NON_BANKED  
     read_pot                                  C17B      18      24       1   NON_BANKED  
     RTI_ISR                                   C193       D      13       0   interrupt.asm._SEC000000
     Skip_Step                                 C1A0       B      11       0   interrupt.asm._SEC000000
     Chck_FAST                                 C1AB       5       5       0   interrupt.asm._SEC000000
     END_RTI                                   C1B0       7       7       0   interrupt.asm._SEC000000
     FAST_LP                                   C1B7      15      21       0   interrupt.asm._SEC000000
     FAST_KEY                                  C1CC      1A      26       0   interrupt.asm._SEC000000
     FAST_END                                  C1E6       2       2       0   interrupt.asm._SEC000000
     IRQ_ISR                                   C1E8      16      22       0   interrupt.asm._SEC000000
     Set_seq                                   C1FE      15      21       0   interrupt.asm._SEC000000
     Scan_seq                                  C213      19      25       0   interrupt.asm._SEC000000
     Scan_end                                  C22C       9       9       0   interrupt.asm._SEC000000
     Key_Read                                  C235       5       5       0   interrupt.asm._SEC000000
     Key_Lp                                    C23A      1F      31       0   interrupt.asm._SEC000000
     CW_Lp                                     C259      27      39       0   interrupt.asm._SEC000000
     DC_Setup                                  C280      16      22       0   interrupt.asm._SEC000000
     PWM_ON                                    C296      13      19       0   interrupt.asm._SEC000000
     PWM_OFF                                   C2A9      12      18       0   interrupt.asm._SEC000000
     PWN_CLR                                   C2BB       9       9       0   interrupt.asm._SEC000000
     Pot_SEL                                   C2C4      10      16       0   interrupt.asm._SEC000000
     Pot_MENU                                  C2D4      12      18       0   interrupt.asm._SEC000000
     Pot_RIGHT                                 C2E6       8       8       0   interrupt.asm._SEC000000
     Pot_LEFT                                  C2EE       6       6       0   interrupt.asm._SEC000000
     Pot_END                                   C2F4       E      14       0   interrupt.asm._SEC000000
     default_disp                              C302      AC     172       1   updateLCD.asm._SEC000000
     menu_tutorial                             C3AE      AC     172       0   updateLCD.asm._SEC000000
     menu_disp                                 C45A      5C      92       0   updateLCD.asm._SEC000000
     newAcc_disp                               C4B6      57      87       0   updateLCD.asm._SEC000000
     delAcc_disp                               C50D      57      87       0   updateLCD.asm._SEC000000
     login_disp                                C564      57      87       0   updateLCD.asm._SEC000000
     visit_disp                                C5BB      57      87       0   updateLCD.asm._SEC000000
     whereToGo_disp                            C612      57      87       0   updateLCD.asm._SEC000000
     aqua_disp                                 C669      5C      92       0   updateLCD.asm._SEC000000
     garden_disp                               C6C5      5C      92       0   updateLCD.asm._SEC000000
     safari_disp                               C721      5C      92       0   updateLCD.asm._SEC000000
     log_usr_sel                               C77D      57      87       0   updateLCD.asm._SEC000000
     log_usr_shift                             C7D4      5E      94       0   updateLCD.asm._SEC000000
     ENTER_PASSWORD                            C832      57      87       0   updateLCD.asm._SEC000000
     SUCC_PASSWORD                             C889      57      87       0   updateLCD.asm._SEC000000
     FAIL_PASSWORD                             C8E0      57      87       0   updateLCD.asm._SEC000000
     ATTEMPT_PASS                              C937      5A      90       0   updateLCD.asm._SEC000000
     no_empty_disp                             C991      AC     172       0   updateLCD.asm._SEC000000
     newUsr_done                               CA3D      57      87       0   updateLCD.asm._SEC000000
     newUsr_disp                               CA94      57      87       0   updateLCD.asm._SEC000000
     ATTEMPT_USR                               CAEB      5F      95       0   updateLCD.asm._SEC000000
     user_defaults                             CB4A      38      56       1   defaults.asm._SEC000000
     usr_GRANT                                 CB82      43      67       1   defaults.asm._SEC000000
     usr_SATTLER                               CBC5      43      67       1   defaults.asm._SEC000000
     usr_MALCOLM                               CC08      43      67       1   defaults.asm._SEC000000
     usr_EMPTY                                 CC4B      43      67       1   defaults.asm._SEC000000
     usr_VISIT                                 CC8E      43      67       1   defaults.asm._SEC000000
     reset_Temp                                CCD1      23      35       0   defaults.asm._SEC000000

*********************************************************************************************
UNUSED-OBJECTS SECTION
---------------------------------------------------------------------------------------------

*********************************************************************************************
COPYDOWN SECTION
---------------------------------------------------------------------------------------------

*********************************************************************************************
OBJECT-DEPENDENCIES SECTION
---------------------------------------------------------------------------------------------
Entry                     USES __SEG_END_SSTACK init_LCD default_disp 
                                display_string user_defaults 
init_LCD                  USES _DDRAD _PTAD _DDRM delay_ms _PTM data 
                                sendCommand epulse 
display_string            USES sendCommand data _PTAD epulse 
epulse                    USES data _PTM delay_ms 
sendCommand               USES data _PTAD epulse 
read_pot                  USES _ATDCTL23 Delay _ATDCTL45 _ATDSTAT0 _ATDDR0 
                                pot_value 
RTI_ISR                   USES RTI_Cnter Step_Idx 
Skip_Step                 USES FAST_SET 
Chck_FAST                 USES FAST_SET 
END_RTI                   USES RTI_Cnter 
FAST_LP                   USES Stepper_ON Step_Idx 
FAST_KEY                  USES FAST_SET 
IRQ_ISR                   USES RTI_Cnter 
Set_seq                   USES Scan_Count Scan_KeyRow port_u FAST_SET 
Scan_seq                  USES port_u Scan_Count FAST_SET 
Scan_end                  USES FAST_SET 
Key_Read                  USES key_val 
Key_Lp                    USES key_val KEY_TAB port_u 
CW_Lp                     USES Step_Idx STEP_TAB port_p FAST_SET Stepper_ON 
                                DC_cnter t_on 
DC_Setup                  USES pot_value t_on 
PWM_ON                    USES DC_cnter t_on port_t 
PWM_OFF                   USES DC_cnter port_t 
PWN_CLR                   USES DC_cnter 
Pot_SEL                   USES pot_value old_pot read_pot JEEP_MODE 
Pot_MENU                  USES pot_value old_pot pot_shift 
Pot_RIGHT                 USES pot_shift 
Pot_LEFT                  USES pot_shift 
Pot_END                   USES FAST_SET Stepper_ON 
default_disp              USES disp display_string 
menu_tutorial             USES disp display_string 
menu_disp                 USES disp display_string 
newAcc_disp               USES disp display_string 
delAcc_disp               USES disp display_string 
login_disp                USES disp display_string 
visit_disp                USES disp display_string 
whereToGo_disp            USES disp display_string 
aqua_disp                 USES disp display_string 
garden_disp               USES disp display_string 
safari_disp               USES disp display_string 
log_usr_sel               USES disp display_string 
log_usr_shift             USES disp display_string 
ENTER_PASSWORD            USES disp display_string 
SUCC_PASSWORD             USES disp display_string 
FAIL_PASSWORD             USES disp display_string 
ATTEMPT_PASS              USES pass_temp disp display_string 
no_empty_disp             USES disp display_string 
newUsr_done               USES disp display_string 
newUsr_disp               USES disp display_string 
ATTEMPT_USR               USES usr_temp disp display_string 
user_defaults             USES usr_0 usr_GRANT usr_empty usr_1 usr_SATTLER 
                                usr_2 usr_MALCOLM usr_3 usr_EMPTY usr_4 usr_VISIT 

*********************************************************************************************
DEPENDENCY TREE
*********************************************************************************************
 Entry               
 | 
 +- init_LCD            
 |  | 
 |  +- delay_ms            
 |  |    
 |  +- sendCommand         
 |  |  | 
 |  |  +- epulse              
 |  |     | 
 |  |     +- delay_ms             (see above)
 |  |        
 |  +- epulse               (see above)
 |     
 +- default_disp        
 |  | 
 |  +- display_string      
 |     | 
 |     +- sendCommand          (see above)
 |     |  
 |     +- epulse               (see above)
 |        
 +- display_string       (see above)
 |  
 +- user_defaults       
    | 
    +- usr_GRANT           
    |    
    +- usr_SATTLER         
    |    
    +- usr_MALCOLM         
    |    
    +- usr_EMPTY           
    |    
    +- usr_VISIT           
         
 IRQ_ISR             
   
 RTI_ISR             
   
*********************************************************************************************
STATISTIC SECTION
---------------------------------------------------------------------------------------------

ExeFile:
--------
Number of blocks to be downloaded: 6
Total size of all blocks to be downloaded: 3486

